[digitonaut.com/art/navigating_in_the_boxes/index.html]
[digitonaut.com/art/nebula_space/index.html]
[backblue.gif]
[fade.gif]
[index.html]
[digitonaut.com/art/neon_balls/index.html]
[digitonaut.com/art/neon_marble/index.html]
[digitonaut.com/art/neon_disco/index.html]
[digitonaut.com/art/neon_parallax/index.html]
[digitonaut.com/art/neon_road/index.html]
[digitonaut.com/art/neon_temple/index.html]
[digitonaut.com/art/navigating_in_the_boxes/script.js]
[digitonaut.com/art/neon_tunnel/index.html]
[digitonaut.com/art/navigating_in_the_boxes/index.html]
[digitonaut.com/art/nervous_system_art/index.html]
[digitonaut.com/art/night_escape/index.html]
[digitonaut.com/art/night_forest_baobab/index.html]
[digitonaut.com/art/night_walk_in_the_wood/index.html]
[digitonaut.com/art/noctural_lava/index.html]
[digitonaut.com/art/noise_painting/index.html]
[digitonaut.com/art/nebula_space/shader-web-background.min.js]
[digitonaut.com/art/nebula_space/index.html]
[digitonaut.com/art/noisy_lines/index.html]
[digitonaut.com/art/nylan_rainbow/index.html]
[digitonaut.com/art/nsn/index.html]
[digitonaut.com/art/nebulous_atmosphere/index.html]
[digitonaut.com/art/nebulous_atmosphere/index.html]
[digitonaut.com/art/nebulous_atmosphere/main.js]
[digitonaut.com/art/neon_balls/index.html]
[digitonaut.com/art/neon_balls/shader-web-background.min.js]
[digitonaut.com/art/neon_disco/index.html]
[digitonaut.com/art/neon_disco/script.js]
[digitonaut.com/art/nebulous_atmosphere/three.min.js]
[digitonaut.com/art/neon_marble/index.html]
[digitonaut.com/art/neon_marble/script.js]
[digitonaut.com/art/neon_parallax/index.html]
[digitonaut.com/art/neon_parallax/shader-web-background.min.js]
[cdnjs.cloudflare.com/ajax/libs/three.js/96/three.min.js]
[digitonaut.com/art/neon_road/index.html]
[digitonaut.com/art/neon_road/main.js]
[digitonaut.com/art/neon_temple/main.js]
[digitonaut.com/art/neon_temple/index.html]
[digitonaut.com/art/neon_marble/95_three.min.js]
[digitonaut.com/art/neon_tunnel/main.js]
[digitonaut.com/art/neon_tunnel/index.html]
[digitonaut.com/art/nervous_system_art/openProcessing.js]
[digitonaut.com/art/neon_road/three.min.js]
[digitonaut.com/art/nervous_system_art/index.html]
[digitonaut.com/art/nervous_system_art/script.js]
[digitonaut.com/art/neon_temple/three.min.js]
[digitonaut.com/art/neon_tunnel/three.min.js]
[digitonaut.com/art/night_escape/index.html]
[digitonaut.com/art/night_escape/main.js]
[digitonaut.com/art/night_forest_baobab/index.html]
[digitonaut.com/art/night_forest_baobab/shader-web-background.min.js]
[digitonaut.com/art/night_walk_in_the_wood/main.js]
[digitonaut.com/art/night_walk_in_the_wood/index.html]
[digitonaut.com/art/night_escape/three.min.js]
[digitonaut.com/art/noctural_lava/main.js]
[digitonaut.com/art/noctural_lava/index.html]
[digitonaut.com/art/noise_painting/openProcessing.js]
[digitonaut.com/art/night_walk_in_the_wood/three.min.js]
[digitonaut.com/art/noise_painting/script.js]
[digitonaut.com/art/noise_painting/index.html]
[digitonaut.com/art/noisy_lines/openProcessing.js]
[digitonaut.com/art/noctural_lava/three.min.js]
[digitonaut.com/art/noisy_lines/script.js]
[digitonaut.com/art/noisy_lines/index.html]
[digitonaut.com/art/nsn/normalize.min.css]
[digitonaut.com/art/nsn/index.html]
[digitonaut.com/art/nsn/script.js]
[digitonaut.com/art/nylan_rainbow/paper-full.min.js]
[digitonaut.com/art/nylan_rainbow/mediaelement.js]
[digitonaut.com/art/nylan_rainbow/index.html]
[digitonaut.com/art/navigating_in_the_boxes/style.css]
[digitonaut.com/art/nebulous_atmosphere/main.css]
[digitonaut.com/art/neon_disco/reset.min.css]
[digitonaut.com/art/neon_road/main.css]
[digitonaut.com/art/neon_temple/main.css]
[digitonaut.com/art/neon_tunnel/main.css]
[digitonaut.com/art/noise_painting/p5.js]
[digitonaut.com/art/nervous_system_art/p5.js]
[digitonaut.com/art/night_escape/main.css]
[digitonaut.com/art/night_walk_in_the_wood/main.css]
[digitonaut.com/art/noctural_lava/main.css]
[digitonaut.com/art/noisy_lines/p5.js]
[digitonaut.com/art/nsn/normalize.min.css]
[digitonaut.com/art/nsn/style.css]
[digitonaut.com/art/nylan_rainbow/style.css]
